Script started on 2025-07-03 12:18:40+00:00 [TERM="xterm-256color" TTY="/dev/pts/1" COLUMNS="237" LINES="63"]
root@sysadmin:/#
root@sysadmin:/# lsblk
NAME                      MAJ:MIN RM  SIZE RO TYPE MOUNTPOINTS
sda                         8:0    0   25G  0 disk
├─sda1                      8:1    0    1M  0 part
├─sda2                      8:2    0    2G  0 part /boot
└─sda3                      8:3    0   23G  0 part
  └─ubuntu--vg-ubuntu--lv 252:1    0    8G  0 lvm  /
sdb                         8:16   0   10G  0 disk
└─vg_root-lv_root         252:0    0   10G  0 lvm
sdc                         8:32   0    2G  0 disk
├─vg_var-lv_var_rmeta_0   252:2    0    4M  0 lvm
│ └─vg_var-lv_var         252:6    0  952M  0 lvm  /var
└─vg_var-lv_var_rimage_0  252:3    0  952M  0 lvm
  └─vg_var-lv_var         252:6    0  952M  0 lvm  /var
sdd                         8:48   0    1G  0 disk
├─vg_var-lv_var_rmeta_1   252:4    0    4M  0 lvm
│ └─vg_var-lv_var         252:6    0  952M  0 lvm  /var
└─vg_var-lv_var_rimage_1  252:5    0  952M  0 lvm
  └─vg_var-lv_var         252:6    0  952M  0 lvm  /var
sde                         8:64   0    1G  0 disk
sr0                        11:0    1 1024M  0 rom
root@sysadmin:/#
root@sysadmin:/# lvremove /dev/vg_root/lv_root
Do you really want to remove and DISCARD active logical volume vg_root/lv_root? [y/n]: y
  Logical volume "lv_root" successfully removed.
root@sysadmin:/#
root@sysadmin:/# vgremove /dev/vg_root
  Volume group "vg_root" successfully removed
root@sysadmin:/#
root@sysadmin:/# pvremove /dev/sdb
  Labels on physical volume "/dev/sdb" successfully wiped.
root@sysadmin:/#
root@sysadmin:/# lvcreate -n LogVol_Home -L 2G /dev/ubuntu-vg
  Logical volume "LogVol_Home" created.
root@sysadmin:/#
root@sysadmin:/# mkfs.ext4 /dev/ubuntu-vg/LogVol_Home
mke2fs 1.47.0 (5-Feb-2023)
Creating filesystem with 524288 4k blocks and 131072 inodes
Filesystem UUID: c0db71f2-7358-4df9-a059-256f82d0ffba
Superblock backups stored on blocks:
        32768, 98304, 163840, 229376, 294912

Allocating group tables: done
Writing inode tables: done
Creating journal (16384 blocks): done
Writing superblocks and filesystem accounting information: done

root@sysadmin:/# mount /dev/ubuntu-vg/LogVol_Home /mnt/
root@sysadmin:/#
root@sysadmin:/# cp -aR /home/* /mnt/
root@sysadmin:/#
root@sysadmin:/# rm -rf /home/*
root@sysadmin:/#
root@sysadmin:/# umount /mnt
root@sysadmin:/#
root@sysadmin:/# mount /dev/ubuntu-vg/LogVol_Home /homr/
mount: /homr/: mount point does not exist.
       dmesg(1) may have more information after failed mount system call.
root@sysadmin:/# mount /dev/ubuntu-vg/LogVol_Home /home/
root@sysadmin:/#
root@sysadmin:/# echo "`blkid | grep Home | awk '{print $2}'` /home xfs defaults 0 0" >> /etc/fstab
root@sysadmin:/#
root@sysadmin:/# touch /home/file{1..20}
root@sysadmin:/#
root@sysadmin:/# ls -la /home
total 28
drwxr-xr-x  4 root     root      4096 Jul  3 12:24 .
drwxr-xr-x 23 root     root      4096 Jul  3 12:18 ..
-rw-r--r--  1 root     root         0 Jul  3 12:24 file1
-rw-r--r--  1 root     root         0 Jul  3 12:24 file10
-rw-r--r--  1 root     root         0 Jul  3 12:24 file11
-rw-r--r--  1 root     root         0 Jul  3 12:24 file12
-rw-r--r--  1 root     root         0 Jul  3 12:24 file13
-rw-r--r--  1 root     root         0 Jul  3 12:24 file14
-rw-r--r--  1 root     root         0 Jul  3 12:24 file15
-rw-r--r--  1 root     root         0 Jul  3 12:24 file16
-rw-r--r--  1 root     root         0 Jul  3 12:24 file17
-rw-r--r--  1 root     root         0 Jul  3 12:24 file18
-rw-r--r--  1 root     root         0 Jul  3 12:24 file19
-rw-r--r--  1 root     root         0 Jul  3 12:24 file2
-rw-r--r--  1 root     root         0 Jul  3 12:24 file20
-rw-r--r--  1 root     root         0 Jul  3 12:24 file3
-rw-r--r--  1 root     root         0 Jul  3 12:24 file4
-rw-r--r--  1 root     root         0 Jul  3 12:24 file5
-rw-r--r--  1 root     root         0 Jul  3 12:24 file6
-rw-r--r--  1 root     root         0 Jul  3 12:24 file7
-rw-r--r--  1 root     root         0 Jul  3 12:24 file8
-rw-r--r--  1 root     root         0 Jul  3 12:24 file9
drwx------  2 root     root     16384 Jul  3 12:21 lost+found
drwxr-x---  4 sysadmin sysadmin  4096 Jul  3 09:36 sysadmin
root@sysadmin:/#
root@sysadmin:/# lvcreate -L 100MB -s -n home_snap /dev/ubuntu-vg/LogVol_Home
  Logical volume "home_snap" created.
root@sysadmin:/#
root@sysadmin:/# rm -f /home/file{11..20}
root@sysadmin:/#
root@sysadmin:/# ls -la /home
total 28
drwxr-xr-x  4 root     root      4096 Jul  3 12:26 .
drwxr-xr-x 23 root     root      4096 Jul  3 12:18 ..
-rw-r--r--  1 root     root         0 Jul  3 12:24 file1
-rw-r--r--  1 root     root         0 Jul  3 12:24 file10
-rw-r--r--  1 root     root         0 Jul  3 12:24 file2
-rw-r--r--  1 root     root         0 Jul  3 12:24 file3
-rw-r--r--  1 root     root         0 Jul  3 12:24 file4
-rw-r--r--  1 root     root         0 Jul  3 12:24 file5
-rw-r--r--  1 root     root         0 Jul  3 12:24 file6
-rw-r--r--  1 root     root         0 Jul  3 12:24 file7
-rw-r--r--  1 root     root         0 Jul  3 12:24 file8
-rw-r--r--  1 root     root         0 Jul  3 12:24 file9
drwx------  2 root     root     16384 Jul  3 12:21 lost+found
drwxr-x---  4 sysadmin sysadmin  4096 Jul  3 09:36 sysadmin
root@sysadmin:/#
root@sysadmin:/# umount /home
root@sysadmin:/#
root@sysadmin:/# lvconvert --merge /dev/ubuntu-vg/home_snap
  Merging of volume ubuntu-vg/home_snap started.
  ubuntu-vg/LogVol_Home: Merged: 100.00%
root@sysadmin:/#
root@sysadmin:/# mount /dev/mapper/ubuntu--vg-LogVol_Home /home
mount: (hint) your fstab has been modified, but systemd still uses
       the old version; use 'systemctl daemon-reload' to reload.
root@sysadmin:/#
root@sysadmin:/# ls -al /home
total 28
drwxr-xr-x  4 root     root      4096 Jul  3 12:24 .
drwxr-xr-x 23 root     root      4096 Jul  3 12:18 ..
-rw-r--r--  1 root     root         0 Jul  3 12:24 file1
-rw-r--r--  1 root     root         0 Jul  3 12:24 file10
-rw-r--r--  1 root     root         0 Jul  3 12:24 file11
-rw-r--r--  1 root     root         0 Jul  3 12:24 file12
-rw-r--r--  1 root     root         0 Jul  3 12:24 file13
-rw-r--r--  1 root     root         0 Jul  3 12:24 file14
-rw-r--r--  1 root     root         0 Jul  3 12:24 file15
-rw-r--r--  1 root     root         0 Jul  3 12:24 file16
-rw-r--r--  1 root     root         0 Jul  3 12:24 file17
-rw-r--r--  1 root     root         0 Jul  3 12:24 file18
-rw-r--r--  1 root     root         0 Jul  3 12:24 file19
-rw-r--r--  1 root     root         0 Jul  3 12:24 file2
-rw-r--r--  1 root     root         0 Jul  3 12:24 file20
-rw-r--r--  1 root     root         0 Jul  3 12:24 file3
-rw-r--r--  1 root     root         0 Jul  3 12:24 file4
-rw-r--r--  1 root     root         0 Jul  3 12:24 file5
-rw-r--r--  1 root     root         0 Jul  3 12:24 file6
-rw-r--r--  1 root     root         0 Jul  3 12:24 file7
-rw-r--r--  1 root     root         0 Jul  3 12:24 file8
-rw-r--r--  1 root     root         0 Jul  3 12:24 file9
drwx------  2 root     root     16384 Jul  3 12:21 lost+found
drwxr-x---  4 sysadmin sysadmin  4096 Jul  3 09:36 sysadmin
root@sysadmin:/# exit
exit

Script done on 2025-07-03 12:29:24+00:00 [COMMAND_EXIT_CODE="0"]
root@sysadmin:/#
